// Jest Snapshot v1, https://goo.gl/fbAQLP

exports[`Home FETCH_NEWS_BEGIN (snapshot equal) 1`] = `
Array [
  Object {
    "searchText": "",
    "type": "FETCH_NEWS_BEGIN",
  },
  Object {
    "searchText": "",
    "type": "FETCH_NEWS_BEGIN",
  },
]
`;

exports[`Home FETCH_NEWS_SUCCESS (snapshot equal) 1`] = `
Array [
  Object {
    "articles": Array [
      Object {
        "author": "Caroline Davies, Helen Sullivan, Amrit Dhillon, Ian Sample, Rupert Neate, Matilda Boseley, Helen Davidson, Eleanor Ainge Roy, Hannah Ryan, Calla Wahlquist, Jedidajah Otte",
        "content": "The place that seemed like the last in the world capable of containing the virus - Dharavi slum in Mumbai has been hailed as a success story by WHO director general Tedros Adhanom Ghebreyesus, writes… [+2069 chars]",
        "description": "Cases rise by over 230,000 worldwide in 24 hours; Florida cases increase by record total for a US state; Brazil cases near 2m",
        "publishedAt": "2020-07-13T06:28:00Z",
        "source": Object {
          "id": null,
          "name": "The Guardian",
        },
        "title": "Coronavirus live news: WHO reports record global cases as South Africa reinstates alcohol ban - The Guardian",
        "url": "https://www.theguardian.com/world/live/2020/jul/13/coronavirus-live-news-who-reports-record-global-cases-as-south-africa-reinstates-alcohol-ban",
        "urlToImage": "https://i.guim.co.uk/img/media/2cab3d3a02b8d4caa7c81b400817acc2fbfd5d13/0_116_2836_1702/master/2836.jpg?width=1200&height=630&quality=85&auto=format&fit=crop&overlay-align=bottom%2Cleft&overlay-width=100p&overlay-base64=L2ltZy9zdGF0aWMvb3ZlcmxheXMvdGctbGl2ZS5wbmc&enable=upscale&s=466d6a4828c3b17f4f7db04c59ed2bfb",
      },
      Object {
        "author": "Guardian staff reporter",
        "content": "Kelly Preston, the actor wife of John Travolta who appeared in movies such as Jerry Maguire and Gotti, has died from breast cancer aged 57.
Travolta said she had been sick for two years, and thanked… [+483 chars]",
        "description": "Travolta says ‘Kelly’s love and life will always be remembered’ after revealing actor’s death following two-year illness",
        "publishedAt": "2020-07-13T05:55:00Z",
        "source": Object {
          "id": null,
          "name": "Theguardian.comfilm",
        },
        "title": "Kelly Preston, actor and wife of John Travolta, dies aged 57 from breast cancer - The Guardian",
        "url": "https://amp.theguardian.comfilm/2020/jul/13/kelly-preston-actor-and-wife-of-john-travolta-dies-aged-57-from-breast-cancer",
        "urlToImage": "https://i.guim.co.uk/img/media/584082b5964a99b272e0373fff2728800437f7ba/795_224_3120_1872/master/3120.jpg?width=1200&height=630&quality=85&auto=format&fit=crop&overlay-align=bottom%2Cleft&overlay-width=100p&overlay-base64=L2ltZy9zdGF0aWMvb3ZlcmxheXMvdGctZGVmYXVsdC5wbmc&enable=upscale&s=1a60744b7c5f174356993242ad0317bf",
      },
      Object {
        "author": "MARCIA DUNN",
        "content": "CAPE CANAVERAL, Fla. (AP) Mars is about to be invaded by planet Earth big time.
Three countries the United States, China and the United Arab Emirates are sending unmanned spacecraft to the red plane… [+7034 chars]",
        "description": "Mars is about to be invaded by planet Earth — big time.  Three countries — the United States, China and the United Arab Emirates — are sending unmanned...",
        "publishedAt": "2020-07-13T05:10:39Z",
        "source": Object {
          "id": null,
          "name": "Yahoo Entertainment",
        },
        "title": "Look out, Mars: Here we come with a fleet of spacecraft - Yahoo News",
        "url": "https://news.yahoo.com/look-mars-come-fleet-spacecraft-050910431.html",
        "urlToImage": "https://s.yimg.com/ny/api/res/1.2/ou9U4Feq.Ogk2DugvS_sAw--/YXBwaWQ9aGlnaGxhbmRlcjt3PTEyODA7aD04NTMuMzMzMzMzMzMzMzMzNA--/https://s.yimg.com/uu/api/res/1.2/ZusTaPjoxgldEVVmC8pZ1w--~B/aD0xNzUzO3c9MjYzMTtzbT0xO2FwcGlkPXl0YWNoeW9u/https://media.zenfs.com/en/ap.org/dee1b51a389dfb292b047dba969a5124",
      },
      Object {
        "author": "Weizhen Tan",
        "content": "Hong Kong one-hundred dollar banknotes and U.S. one-hundred dollar banknotes are arranged for a photograph in Hong Kong on April 15, 2019.
The U.S. threat to look for ways to hurt the Hong Kong doll… [+5857 chars]",
        "description": "Advisors to President Donald Trump were reportedly considering proposals to strike against the Hong Kong dollar peg, in response to China implementing a national security law on the city.",
        "publishedAt": "2020-07-13T04:56:00Z",
        "source": Object {
          "id": null,
          "name": "CNBC",
        },
        "title": "Here's why the Trump administration's threat to hurt Hong Kong's dollar peg won't work - CNBC",
        "url": "https://www.cnbc.com/2020/07/13/why-trump-administration-threat-to-hurt-hong-kongs-dollar-peg-wont-work.html",
        "urlToImage": "https://image.cnbcfm.com/api/v1/image/106064493-1565151358110gettyimages-1139006952.jpeg?v=1577756446",
      },
      Object {
        "author": "Malika Andrews, Dave McMenamin",
        "content": "Los Angeles Lakers guard Rajon Rondo suffered a broken right thumb in practice Sunday night in Orlando, Florida, and is expected to return to full basketball activities in six to eight weeks, the tea… [+906 chars]",
        "description": "Lakers guard Rajon Rondo broke his right thumb during Sunday night's practice in Orlando, Florida, the team announced. Rondo will have surgery this week and the team expects him to resume full basketball activities in six to eight weeks.",
        "publishedAt": "2020-07-13T04:30:44Z",
        "source": Object {
          "id": null,
          "name": "ESPN",
        },
        "title": "Lakers' Rajon Rondo suffers broken right thumb in practice - ESPN",
        "url": "https://www.espn.com/nba/story/_/id/29453748/lakers-rajon-rondo-suffers-broken-right-thumb-practice",
        "urlToImage": "https://a2.espncdn.com/combiner/i?img=%2Fphoto%2F2019%2F1125%2Fr633200_1296x729_16%2D9.jpg",
      },
      Object {
        "author": "The Wall Street Journal",
        "content": "Semiconductor maker Analog Devices Inc. is in talks to buy rival Maxim Integrated Products Inc. for roughly $20 billion in what would be one of the largest merger deals of the year, according to peop… [+3704 chars]",
        "description": "All-stock sale of Maxim could be announced as soon as Monday",
        "publishedAt": "2020-07-13T04:21:11Z",
        "source": Object {
          "id": null,
          "name": "Fox Business",
        },
        "title": "Analog Devices in talks to buy Maxim Integrated for about $20B - Fox Business",
        "url": "https://www.foxbusiness.com/technology/analog-devices-in-talks-to-buy-maxim-integrated-for-about-20b",
        "urlToImage": "https://a57.foxnews.com/static.foxbusiness.com/foxbusiness.com/content/uploads/2020/07/0/0/email-home-iStock.jpg?ve=1&tl=1",
      },
      Object {
        "author": "The Associated Press",
        "content": "ASHBURN, Va. — Washingtons NFL team will get rid of the name “Redskins” on Monday, according to multiple reports. 
Its unclear when a new name will be revealed for one of the leagues oldest franchis… [+1105 chars]",
        "description": "Washington’s NFL team will get rid of the name “Redskins” on Monday, according to multiple reports. It’s unclear when a new name will be revealed for one of the league’s oldest franchis…",
        "publishedAt": "2020-07-13T04:14:00Z",
        "source": Object {
          "id": null,
          "name": "The Denver Post",
        },
        "title": "Washington to shed “Redskins” name Monday, reports say - The Denver Post",
        "url": "https://www.denverpost.com/2020/07/12/washington-redskins-name-change-announcement/",
        "urlToImage": "https://www.denverpost.com/wp-content/uploads/2020/07/Redskins_Merchandise_Amazon_75030.jpg?w=1024&h=683",
      },
      Object {
        "author": "Jordan Culver",
        "content": "The planned mural in Manhattan provoked the ire of President Trump, who slammed the mural on Twitter as a \\"symbol of hate.\\"
USA TODAY
Police in Pennsylvania are investigating after an officer appea… [+4138 chars]",
        "description": "Video of the incident in Pennsylvania shows two officers restraining a man on the ground while a third officer appears to put a knee on his neck.",
        "publishedAt": "2020-07-13T03:38:07Z",
        "source": Object {
          "id": "usa-today",
          "name": "USA Today",
        },
        "title": "Pennsylvania police investigating after 'disturbing' video shows officer kneeling on man's neck in Allentown - USA TODAY",
        "url": "https://www.usatoday.com/story/news/nation/2020/07/12/pennsylvania-police-investigate-video-officer-kneeling-neck/5425734002/",
        "urlToImage": "https://www.gannett-cdn.com/-mm-/5f003be9bb558d61493a92e631faf9b452b8bef3/c=832-807-1702-1304/local/-/media/USATODAY/GenericImages/2014/07/25/1406332202000-PENNSYLVANIA.jpg?width=1600&height=800&fit=crop",
      },
      Object {
        "author": "Florence Tan",
        "content": "SINGAPORE (Reuters) - Oil slipped nearly 1% on Monday as traders eyed an OPEC technical meeting this week which is expected to recommend an easing in supply cuts that have been propping up crude pric… [+2110 chars]",
        "description": "Oil slipped nearly 1% on Monday as traders eyed an OPEC technical meeting this week which is expected to recommend an easing in supply cuts that have been propping up crude prices.",
        "publishedAt": "2020-07-13T01:43:00Z",
        "source": Object {
          "id": "reuters",
          "name": "Reuters",
        },
        "title": "Oil slips as traders eye supply cut easing at OPEC meeting - Reuters",
        "url": "https://www.reuters.com/article/us-global-oil-idUSKCN24E04E",
        "urlToImage": "https://s2.reutersmedia.net/resources/r/?m=02&d=20200713&t=2&i=1525477272&w=1200&r=LYNXNPEG6C01G",
      },
      Object {
        "author": "Al Jazeera",
        "content": "The first federal execution in the United States in 17 years looks set to go ahead on Monday after an appeals court overturned a lower court injunction, saying a lawsuit by the victims' family - whic… [+2588 chars]",
        "description": "Daniel Lee execution was expected on Monday, but family of victims now says will appeal, citing right to view execution.",
        "publishedAt": "2020-07-13T01:39:00Z",
        "source": Object {
          "id": "al-jazeera-english",
          "name": "Al Jazeera English",
        },
        "title": "US court gives green light to first federal execution in 17 years - Al Jazeera English",
        "url": "https://www.aljazeera.com/news/2020/07/court-green-light-federal-execution-17-years-200713001654389.html",
        "urlToImage": "https://www.aljazeera.com/mritems/Images/2020/7/13/187d29b8b5934d3dbfc15ca33bb80e07_18.jpg",
      },
      Object {
        "author": null,
        "content": null,
        "description": null,
        "publishedAt": "2020-07-13T01:38:11Z",
        "source": Object {
          "id": "google-news",
          "name": "Google News",
        },
        "title": "Trump administration insists kids should return to school - ABC News",
        "url": "https://news.google.com/__i/rss/rd/articles/CBMiK2h0dHBzOi8vd3d3LnlvdXR1YmUuY29tL3dhdGNoP3Y9dWYyNVFqd3l2X2_SAQA?oc=5",
        "urlToImage": null,
      },
      Object {
        "author": "Denise Chow, Lauren Dunn, Patrick Martin",
        "content": "President Donald Trump is pressing state and local officials to reopen schools this fall, despite coronavirus infections surging nationwide. While experts say there are significant social benefits to… [+4445 chars]",
        "description": "With coronavirus cases surging nationwide, experts say schools need to balance the benefits of resuming in-person classes against potential health risks.",
        "publishedAt": "2020-07-13T01:29:00Z",
        "source": Object {
          "id": "nbc-news",
          "name": "NBC News",
        },
        "title": "Back to school: What doctors say about children and COVID-19 - NBC News",
        "url": "https://www.nbcnews.com/health/kids-health/back-school-what-doctors-say-about-children-covid-19-n1233550",
        "urlToImage": "https://media3.s-nbcnews.com/j/newscms/2020_28/3396074/200710-pre-school-montery-park-california-ew-1234p_7d7b8f2ac717f42f1f4620b9ef96ecde.nbcnews-fp-1200-630.jpg",
      },
      Object {
        "author": "Martha Ross",
        "content": "Since Naya Rivera disappeared during a boating trip July 8, she and her family have received an outpouring of public support from her “Glee” co-stars, except for one: Lea Michele.
Grief-stricken Riv… [+4259 chars]",
        "description": "Some fans of Rivera took out their grief by trolling Michele, her “Glee” co-star and reported rival, in pretty vicious ways, reports say.",
        "publishedAt": "2020-07-13T00:16:00Z",
        "source": Object {
          "id": null,
          "name": "The Mercury News",
        },
        "title": "Despondent Naya Rivera fans apparently drive Lea Michele off Twitter - The Mercury News",
        "url": "https://www.mercurynews.com/despondent-naya-rivera-fans-apparently-drive-lea-michele-off-twitter",
        "urlToImage": "https://www.mercurynews.com/wp-content/uploads/2016/08/20140429_125855_Naya_Rivera_04292014.jpg?w=600&h=393",
      },
      Object {
        "author": "Aaron Mamiit",
        "content": "Ubisoft Forward, Ubisoft’s digital showcase for its upcoming games, was plagued by Uplay log-in issues, as viewers attempted to claim the promised free copy of Watch Dogs 2 for the PC.
Ubisoft said … [+1782 chars]",
        "description": "Uplay account holders struggled to log in during the Ubisoft Forward event, as they were trying to claim the promised free copy of Watch Dogs 2 for the PC.",
        "publishedAt": "2020-07-13T00:09:00Z",
        "source": Object {
          "id": null,
          "name": "Digital Trends",
        },
        "title": "Uplay login error plagues Ubisoft Forward in attempts to get free Watch Dogs 2 - Digital Trends",
        "url": "https://www.digitaltrends.com/gaming/ubisoft-forward-uplay-login-issues-watch-dogs-2/",
        "urlToImage": "https://icdn4.digitaltrends.com/image/digitaltrends/free-watch-dogs-2-in-ubisoft-forward-1200x630-c-ar1.91.jpg",
      },
      Object {
        "author": "Zeeshan Aleem",
        "content": "Former special counsel Robert Mueller offered pointed criticism of President Donald Trumps decision to commute the sentence of his longtime friend and campaign advisor Roger Stone in an op-ed in the … [+7738 chars]",
        "description": "Robert Mueller has avoided speaking out about his report. But Trump’s clemency for Roger Stone changed his mind.",
        "publishedAt": "2020-07-12T23:57:47Z",
        "source": Object {
          "id": null,
          "name": "Vox",
        },
        "title": "Robert Mueller: Roger Stone “remains a convicted felon, and rightly so.” - Vox.com",
        "url": "https://www.vox.com/policy-and-politics/2020/7/12/21321897/robert-mueller-roger-stone-convicted-felon",
        "urlToImage": "https://cdn.vox-cdn.com/thumbor/990Z_x9-u_sxiDmErKXn2GA_4bc=/0x0:3464x1814/fit-in/1200x630/cdn.vox-cdn.com/uploads/chorus_asset/file/20079951/GettyImages_1221110316.jpg",
      },
      Object {
        "author": "Dustin Nelson",
        "content": "National French Fry Day is Monday, July 13. It's swell to honor one of the top fast food side orders, but the day isn't doing its work unless some of the best fast food french fries are part of the c… [+1441 chars]",
        "description": "Free free. Free free. Free free free.",
        "publishedAt": "2020-07-12T23:31:43Z",
        "source": Object {
          "id": null,
          "name": "Thrillist",
        },
        "title": "McDonald's Is Giving Out Totally Free Fries on Monday for National French Fries Day - Thrillist",
        "url": "https://www.thrillist.com/news/nation/mcdonalds-free-french-fries-national-french-fry-day-2020",
        "urlToImage": "https://assets3.thrillist.com/v1/image/2879105/1200x600/scale;",
      },
      Object {
        "author": "Adam Guillen Jr.",
        "content": null,
        "description": "UFC 251 results: It’s time to see what’s on the horizon for all the main card winners from the “Usman vs. Masvidal”-led ESPN+ pay-per-view (PPV) event last night (Sat., July 11, 2020) on Yas Island, Abu Dhabi.",
        "publishedAt": "2020-07-12T23:05:00Z",
        "source": Object {
          "id": null,
          "name": "MMA Mania",
        },
        "title": "UFC 251 results: Matches to make for ‘Usman vs Masvidal’ main card winners - MMA Mania",
        "url": "https://www.mmamania.com/2020/7/12/21321878/ufc-251-results-usman-masvidal-main-card-winners-next-fights-abu-dhabi-espn-mma",
        "urlToImage": "https://cdn.vox-cdn.com/thumbor/mR5h1c3pMB64oQSQXfD_cm1K21Q=/0x177:3671x2242/1600x900/cdn.vox-cdn.com/uploads/chorus_image/image/67048207/usa_today_14504940.0.jpg",
      },
      Object {
        "author": "TMZ Staff",
        "content": "Lisa Marie Presley's son and Elvis Presley's grandson, Benjamin Keough, has died of an apparent suicide ... TMZ has learned.
Law enforcement sources tell us Ben appears to have died Sunday in Calaba… [+1347 chars]",
        "description": "Benjamin Keough has died at age 27.",
        "publishedAt": "2020-07-12T22:26:00Z",
        "source": Object {
          "id": null,
          "name": "TMZ",
        },
        "title": "Lisa Marie Presley's Son Benjamin Keough Dead at 27 from Apparent Suicide - TMZ",
        "url": "https://www.tmz.com/2020/07/12/lisa-marie-presley-son-benjamin-keough-dead-dies-suicide-elvis/",
        "urlToImage": "https://imagez.tmz.com/image/78/16by9/2020/07/12/7870672898ae42cfa804560726341500_xl.jpg",
      },
      Object {
        "author": "https://www.facebook.com/bbcnews",
        "content": "Image copyrightGetty ImagesImage caption
 Andrzej Duda is allied with the nationalist Law and Justice-led government
Poland's incumbent President Andrzej Duda holds a slim lead after Sunday's presi… [+3216 chars]",
        "description": "The conservative incumbent Andrzej Duda leads by a tiny margin, according to exit polls.",
        "publishedAt": "2020-07-12T22:23:47Z",
        "source": Object {
          "id": null,
          "name": "BBC News",
        },
        "title": "Poland's Duda holds slim lead in presidential election, exit poll suggests - BBC News",
        "url": "https://www.bbc.com/news/world-europe-53385021",
        "urlToImage": "https://ichef.bbci.co.uk/news/1024/branded_news/11930/production/_113348917_gettyimages-1226594655.jpg",
      },
      Object {
        "author": "Paul Sandle",
        "content": "LONDON (Reuters) - Britain is urging businesses and individuals to prepare for the Dec. 31 end of the Brexit transition period with an information campaign titled: “The UK’s new start: let’s get goin… [+1634 chars]",
        "description": "Britain is urging businesses and individuals to prepare for the Dec. 31 end of the Brexit transition period with an information campaign titled: \\"The UK's new start: let's get going.\\"",
        "publishedAt": "2020-07-12T21:43:00Z",
        "source": Object {
          "id": "reuters",
          "name": "Reuters",
        },
        "title": "'Let's get going': UK tells businesses to prepare for Brexit crunch - Reuters",
        "url": "https://www.reuters.com/article/us-britain-eu-campaign-idUSKCN24D0S3",
        "urlToImage": "https://s3.reutersmedia.net/resources/r/?m=02&d=20200713&t=2&i=1525482527&w=1200&r=LYNXNPEG6B0H6",
      },
    ],
    "type": "FETCH_NEWS_SUCCESS",
  },
]
`;

exports[`Home should render initial state from Redux store 1`] = `
<View
  style={
    Object {
      "flex": 1,
      "paddingTop": 20,
    }
  }
>
  <View
    style={
      Object {
        "flex": 1,
      }
    }
  >
    <RCTScrollView
      disableVirtualization={false}
      getItem={[Function]}
      getItemCount={[Function]}
      horizontal={false}
      initialNumToRender={10}
      keyExtractor={[Function]}
      maxToRenderPerBatch={10}
      onContentSizeChange={[Function]}
      onEndReachedThreshold={2}
      onLayout={[Function]}
      onMomentumScrollEnd={[Function]}
      onScroll={[Function]}
      onScrollBeginDrag={[Function]}
      onScrollEndDrag={[Function]}
      removeClippedSubviews={false}
      renderItem={[Function]}
      scrollEventThrottle={50}
      stickyHeaderIndices={Array []}
      updateCellsBatchingPeriod={50}
      viewabilityConfigCallbackPairs={Array []}
      windowSize={21}
    >
      <View />
    </RCTScrollView>
  </View>
</View>
`;

exports[`Home should render state with data from Redux store 1`] = `
Array [
  <View
    accessible={true}
    focusable={true}
    onClick={[Function]}
    onResponderGrant={[Function]}
    onResponderMove={[Function]}
    onResponderRelease={[Function]}
    onResponderTerminate={[Function]}
    onResponderTerminationRequest={[Function]}
    onStartShouldSetResponder={[Function]}
    style={
      Object {
        "borderColor": "lightgray",
        "borderWidth": 1,
        "flex": 1,
        "height": 160,
        "margin": 5,
        "opacity": 1,
        "position": "relative",
      }
    }
  >
    <Image
      source={
        Object {
          "uri": "https://i.guim.co.uk/img/media/2cab3d3a02b8d4caa7c81b400817acc2fbfd5d13/0_116_2836_1702/master/2836.jpg?width=1200&height=630&quality=85&auto=format&fit=crop&overlay-align=bottom%2Cleft&overlay-width=100p&overlay-base64=L2ltZy9zdGF0aWMvb3ZlcmxheXMvdGctbGl2ZS5wbmc&enable=upscale&s=466d6a4828c3b17f4f7db04c59ed2bfb",
        }
      }
      style={
        Object {
          "height": "100%",
          "resizeMode": "cover",
          "width": "100%",
        }
      }
    />
    <View
      style={
        Object {
          "alignItems": "center",
          "backgroundColor": "rgba(0,0,0,0.75)",
          "bottom": 0,
          "left": 0,
          "paddingHorizontal": 10,
          "paddingVertical": 13,
          "position": "absolute",
          "right": 0,
        }
      }
    >
      <Text
        numberOfLines={2}
        style={
          Object {
            "color": "white",
          }
        }
      >
        Coronavirus live news: WHO reports record global cases as South Africa reinstates alcohol ban - The Guardian
      </Text>
      <Text
        style={
          Object {
            "color": "white",
            "fontSize": 12,
            "marginTop": 10,
          }
        }
      >
        07/12/2020
      </Text>
    </View>
  </View>,
  <View
    accessible={true}
    focusable={true}
    onClick={[Function]}
    onResponderGrant={[Function]}
    onResponderMove={[Function]}
    onResponderRelease={[Function]}
    onResponderTerminate={[Function]}
    onResponderTerminationRequest={[Function]}
    onStartShouldSetResponder={[Function]}
    style={
      Object {
        "borderColor": "lightgray",
        "borderWidth": 1,
        "flex": 1,
        "height": 160,
        "margin": 5,
        "opacity": 1,
        "position": "relative",
      }
    }
  >
    <Image
      source={
        Object {
          "uri": "https://i.guim.co.uk/img/media/584082b5964a99b272e0373fff2728800437f7ba/795_224_3120_1872/master/3120.jpg?width=1200&height=630&quality=85&auto=format&fit=crop&overlay-align=bottom%2Cleft&overlay-width=100p&overlay-base64=L2ltZy9zdGF0aWMvb3ZlcmxheXMvdGctZGVmYXVsdC5wbmc&enable=upscale&s=1a60744b7c5f174356993242ad0317bf",
        }
      }
      style={
        Object {
          "height": "100%",
          "resizeMode": "cover",
          "width": "100%",
        }
      }
    />
    <View
      style={
        Object {
          "alignItems": "center",
          "backgroundColor": "rgba(0,0,0,0.75)",
          "bottom": 0,
          "left": 0,
          "paddingHorizontal": 10,
          "paddingVertical": 13,
          "position": "absolute",
          "right": 0,
        }
      }
    >
      <Text
        numberOfLines={2}
        style={
          Object {
            "color": "white",
          }
        }
      >
        Kelly Preston, actor and wife of John Travolta, dies aged 57 from breast cancer - The Guardian
      </Text>
      <Text
        style={
          Object {
            "color": "white",
            "fontSize": 12,
            "marginTop": 10,
          }
        }
      >
        07/12/2020
      </Text>
    </View>
  </View>,
  <View
    accessible={true}
    focusable={true}
    onClick={[Function]}
    onResponderGrant={[Function]}
    onResponderMove={[Function]}
    onResponderRelease={[Function]}
    onResponderTerminate={[Function]}
    onResponderTerminationRequest={[Function]}
    onStartShouldSetResponder={[Function]}
    style={
      Object {
        "borderColor": "lightgray",
        "borderWidth": 1,
        "flex": 1,
        "height": 160,
        "margin": 5,
        "opacity": 1,
        "position": "relative",
      }
    }
  >
    <Image
      source={
        Object {
          "uri": "https://s.yimg.com/ny/api/res/1.2/ou9U4Feq.Ogk2DugvS_sAw--/YXBwaWQ9aGlnaGxhbmRlcjt3PTEyODA7aD04NTMuMzMzMzMzMzMzMzMzNA--/https://s.yimg.com/uu/api/res/1.2/ZusTaPjoxgldEVVmC8pZ1w--~B/aD0xNzUzO3c9MjYzMTtzbT0xO2FwcGlkPXl0YWNoeW9u/https://media.zenfs.com/en/ap.org/dee1b51a389dfb292b047dba969a5124",
        }
      }
      style={
        Object {
          "height": "100%",
          "resizeMode": "cover",
          "width": "100%",
        }
      }
    />
    <View
      style={
        Object {
          "alignItems": "center",
          "backgroundColor": "rgba(0,0,0,0.75)",
          "bottom": 0,
          "left": 0,
          "paddingHorizontal": 10,
          "paddingVertical": 13,
          "position": "absolute",
          "right": 0,
        }
      }
    >
      <Text
        numberOfLines={2}
        style={
          Object {
            "color": "white",
          }
        }
      >
        Look out, Mars: Here we come with a fleet of spacecraft - Yahoo News
      </Text>
      <Text
        style={
          Object {
            "color": "white",
            "fontSize": 12,
            "marginTop": 10,
          }
        }
      >
        07/12/2020
      </Text>
    </View>
  </View>,
  <View
    accessible={true}
    focusable={true}
    onClick={[Function]}
    onResponderGrant={[Function]}
    onResponderMove={[Function]}
    onResponderRelease={[Function]}
    onResponderTerminate={[Function]}
    onResponderTerminationRequest={[Function]}
    onStartShouldSetResponder={[Function]}
    style={
      Object {
        "borderColor": "lightgray",
        "borderWidth": 1,
        "flex": 1,
        "height": 160,
        "margin": 5,
        "opacity": 1,
        "position": "relative",
      }
    }
  >
    <Image
      source={
        Object {
          "uri": "https://image.cnbcfm.com/api/v1/image/106064493-1565151358110gettyimages-1139006952.jpeg?v=1577756446",
        }
      }
      style={
        Object {
          "height": "100%",
          "resizeMode": "cover",
          "width": "100%",
        }
      }
    />
    <View
      style={
        Object {
          "alignItems": "center",
          "backgroundColor": "rgba(0,0,0,0.75)",
          "bottom": 0,
          "left": 0,
          "paddingHorizontal": 10,
          "paddingVertical": 13,
          "position": "absolute",
          "right": 0,
        }
      }
    >
      <Text
        numberOfLines={2}
        style={
          Object {
            "color": "white",
          }
        }
      >
        Here's why the Trump administration's threat to hurt Hong Kong's dollar peg won't work - CNBC
      </Text>
      <Text
        style={
          Object {
            "color": "white",
            "fontSize": 12,
            "marginTop": 10,
          }
        }
      >
        07/12/2020
      </Text>
    </View>
  </View>,
  <View
    accessible={true}
    focusable={true}
    onClick={[Function]}
    onResponderGrant={[Function]}
    onResponderMove={[Function]}
    onResponderRelease={[Function]}
    onResponderTerminate={[Function]}
    onResponderTerminationRequest={[Function]}
    onStartShouldSetResponder={[Function]}
    style={
      Object {
        "borderColor": "lightgray",
        "borderWidth": 1,
        "flex": 1,
        "height": 160,
        "margin": 5,
        "opacity": 1,
        "position": "relative",
      }
    }
  >
    <Image
      source={
        Object {
          "uri": "https://a2.espncdn.com/combiner/i?img=%2Fphoto%2F2019%2F1125%2Fr633200_1296x729_16%2D9.jpg",
        }
      }
      style={
        Object {
          "height": "100%",
          "resizeMode": "cover",
          "width": "100%",
        }
      }
    />
    <View
      style={
        Object {
          "alignItems": "center",
          "backgroundColor": "rgba(0,0,0,0.75)",
          "bottom": 0,
          "left": 0,
          "paddingHorizontal": 10,
          "paddingVertical": 13,
          "position": "absolute",
          "right": 0,
        }
      }
    >
      <Text
        numberOfLines={2}
        style={
          Object {
            "color": "white",
          }
        }
      >
        Lakers' Rajon Rondo suffers broken right thumb in practice - ESPN
      </Text>
      <Text
        style={
          Object {
            "color": "white",
            "fontSize": 12,
            "marginTop": 10,
          }
        }
      >
        07/12/2020
      </Text>
    </View>
  </View>,
  <View
    accessible={true}
    focusable={true}
    onClick={[Function]}
    onResponderGrant={[Function]}
    onResponderMove={[Function]}
    onResponderRelease={[Function]}
    onResponderTerminate={[Function]}
    onResponderTerminationRequest={[Function]}
    onStartShouldSetResponder={[Function]}
    style={
      Object {
        "borderColor": "lightgray",
        "borderWidth": 1,
        "flex": 1,
        "height": 160,
        "margin": 5,
        "opacity": 1,
        "position": "relative",
      }
    }
  >
    <Image
      source={
        Object {
          "uri": "https://a57.foxnews.com/static.foxbusiness.com/foxbusiness.com/content/uploads/2020/07/0/0/email-home-iStock.jpg?ve=1&tl=1",
        }
      }
      style={
        Object {
          "height": "100%",
          "resizeMode": "cover",
          "width": "100%",
        }
      }
    />
    <View
      style={
        Object {
          "alignItems": "center",
          "backgroundColor": "rgba(0,0,0,0.75)",
          "bottom": 0,
          "left": 0,
          "paddingHorizontal": 10,
          "paddingVertical": 13,
          "position": "absolute",
          "right": 0,
        }
      }
    >
      <Text
        numberOfLines={2}
        style={
          Object {
            "color": "white",
          }
        }
      >
        Analog Devices in talks to buy Maxim Integrated for about $20B - Fox Business
      </Text>
      <Text
        style={
          Object {
            "color": "white",
            "fontSize": 12,
            "marginTop": 10,
          }
        }
      >
        07/12/2020
      </Text>
    </View>
  </View>,
  <View
    accessible={true}
    focusable={true}
    onClick={[Function]}
    onResponderGrant={[Function]}
    onResponderMove={[Function]}
    onResponderRelease={[Function]}
    onResponderTerminate={[Function]}
    onResponderTerminationRequest={[Function]}
    onStartShouldSetResponder={[Function]}
    style={
      Object {
        "borderColor": "lightgray",
        "borderWidth": 1,
        "flex": 1,
        "height": 160,
        "margin": 5,
        "opacity": 1,
        "position": "relative",
      }
    }
  >
    <Image
      source={
        Object {
          "uri": "https://www.denverpost.com/wp-content/uploads/2020/07/Redskins_Merchandise_Amazon_75030.jpg?w=1024&h=683",
        }
      }
      style={
        Object {
          "height": "100%",
          "resizeMode": "cover",
          "width": "100%",
        }
      }
    />
    <View
      style={
        Object {
          "alignItems": "center",
          "backgroundColor": "rgba(0,0,0,0.75)",
          "bottom": 0,
          "left": 0,
          "paddingHorizontal": 10,
          "paddingVertical": 13,
          "position": "absolute",
          "right": 0,
        }
      }
    >
      <Text
        numberOfLines={2}
        style={
          Object {
            "color": "white",
          }
        }
      >
        Washington to shed “Redskins” name Monday, reports say - The Denver Post
      </Text>
      <Text
        style={
          Object {
            "color": "white",
            "fontSize": 12,
            "marginTop": 10,
          }
        }
      >
        07/12/2020
      </Text>
    </View>
  </View>,
  <View
    accessible={true}
    focusable={true}
    onClick={[Function]}
    onResponderGrant={[Function]}
    onResponderMove={[Function]}
    onResponderRelease={[Function]}
    onResponderTerminate={[Function]}
    onResponderTerminationRequest={[Function]}
    onStartShouldSetResponder={[Function]}
    style={
      Object {
        "borderColor": "lightgray",
        "borderWidth": 1,
        "flex": 1,
        "height": 160,
        "margin": 5,
        "opacity": 1,
        "position": "relative",
      }
    }
  >
    <Image
      source={
        Object {
          "uri": "https://www.gannett-cdn.com/-mm-/5f003be9bb558d61493a92e631faf9b452b8bef3/c=832-807-1702-1304/local/-/media/USATODAY/GenericImages/2014/07/25/1406332202000-PENNSYLVANIA.jpg?width=1600&height=800&fit=crop",
        }
      }
      style={
        Object {
          "height": "100%",
          "resizeMode": "cover",
          "width": "100%",
        }
      }
    />
    <View
      style={
        Object {
          "alignItems": "center",
          "backgroundColor": "rgba(0,0,0,0.75)",
          "bottom": 0,
          "left": 0,
          "paddingHorizontal": 10,
          "paddingVertical": 13,
          "position": "absolute",
          "right": 0,
        }
      }
    >
      <Text
        numberOfLines={2}
        style={
          Object {
            "color": "white",
          }
        }
      >
        Pennsylvania police investigating after 'disturbing' video shows officer kneeling on man's neck in Allentown - USA TODAY
      </Text>
      <Text
        style={
          Object {
            "color": "white",
            "fontSize": 12,
            "marginTop": 10,
          }
        }
      >
        07/12/2020
      </Text>
    </View>
  </View>,
  <View
    accessible={true}
    focusable={true}
    onClick={[Function]}
    onResponderGrant={[Function]}
    onResponderMove={[Function]}
    onResponderRelease={[Function]}
    onResponderTerminate={[Function]}
    onResponderTerminationRequest={[Function]}
    onStartShouldSetResponder={[Function]}
    style={
      Object {
        "borderColor": "lightgray",
        "borderWidth": 1,
        "flex": 1,
        "height": 160,
        "margin": 5,
        "opacity": 1,
        "position": "relative",
      }
    }
  >
    <Image
      source={
        Object {
          "uri": "https://s2.reutersmedia.net/resources/r/?m=02&d=20200713&t=2&i=1525477272&w=1200&r=LYNXNPEG6C01G",
        }
      }
      style={
        Object {
          "height": "100%",
          "resizeMode": "cover",
          "width": "100%",
        }
      }
    />
    <View
      style={
        Object {
          "alignItems": "center",
          "backgroundColor": "rgba(0,0,0,0.75)",
          "bottom": 0,
          "left": 0,
          "paddingHorizontal": 10,
          "paddingVertical": 13,
          "position": "absolute",
          "right": 0,
        }
      }
    >
      <Text
        numberOfLines={2}
        style={
          Object {
            "color": "white",
          }
        }
      >
        Oil slips as traders eye supply cut easing at OPEC meeting - Reuters
      </Text>
      <Text
        style={
          Object {
            "color": "white",
            "fontSize": 12,
            "marginTop": 10,
          }
        }
      >
        07/12/2020
      </Text>
    </View>
  </View>,
  <View
    accessible={true}
    focusable={true}
    onClick={[Function]}
    onResponderGrant={[Function]}
    onResponderMove={[Function]}
    onResponderRelease={[Function]}
    onResponderTerminate={[Function]}
    onResponderTerminationRequest={[Function]}
    onStartShouldSetResponder={[Function]}
    style={
      Object {
        "borderColor": "lightgray",
        "borderWidth": 1,
        "flex": 1,
        "height": 160,
        "margin": 5,
        "opacity": 1,
        "position": "relative",
      }
    }
  >
    <Image
      source={
        Object {
          "uri": "https://www.aljazeera.com/mritems/Images/2020/7/13/187d29b8b5934d3dbfc15ca33bb80e07_18.jpg",
        }
      }
      style={
        Object {
          "height": "100%",
          "resizeMode": "cover",
          "width": "100%",
        }
      }
    />
    <View
      style={
        Object {
          "alignItems": "center",
          "backgroundColor": "rgba(0,0,0,0.75)",
          "bottom": 0,
          "left": 0,
          "paddingHorizontal": 10,
          "paddingVertical": 13,
          "position": "absolute",
          "right": 0,
        }
      }
    >
      <Text
        numberOfLines={2}
        style={
          Object {
            "color": "white",
          }
        }
      >
        US court gives green light to first federal execution in 17 years - Al Jazeera English
      </Text>
      <Text
        style={
          Object {
            "color": "white",
            "fontSize": 12,
            "marginTop": 10,
          }
        }
      >
        07/12/2020
      </Text>
    </View>
  </View>,
  <View
    accessible={true}
    focusable={true}
    onClick={[Function]}
    onResponderGrant={[Function]}
    onResponderMove={[Function]}
    onResponderRelease={[Function]}
    onResponderTerminate={[Function]}
    onResponderTerminationRequest={[Function]}
    onStartShouldSetResponder={[Function]}
    style={
      Object {
        "borderColor": "lightgray",
        "borderWidth": 1,
        "flex": 1,
        "height": 160,
        "margin": 5,
        "opacity": 1,
        "position": "relative",
      }
    }
  >
    <View
      style={
        Object {
          "alignItems": "center",
          "flex": 1,
          "justifyContent": "center",
          "textAlign": "center",
          "textAlignVertical": "center",
        }
      }
    >
      <Text>
        No Preview
      </Text>
    </View>
    <View
      style={
        Object {
          "alignItems": "center",
          "backgroundColor": "rgba(0,0,0,0.75)",
          "bottom": 0,
          "left": 0,
          "paddingHorizontal": 10,
          "paddingVertical": 13,
          "position": "absolute",
          "right": 0,
        }
      }
    >
      <Text
        numberOfLines={2}
        style={
          Object {
            "color": "white",
          }
        }
      >
        Trump administration insists kids should return to school - ABC News
      </Text>
      <Text
        style={
          Object {
            "color": "white",
            "fontSize": 12,
            "marginTop": 10,
          }
        }
      >
        07/12/2020
      </Text>
    </View>
  </View>,
  <View
    accessible={true}
    focusable={true}
    onClick={[Function]}
    onResponderGrant={[Function]}
    onResponderMove={[Function]}
    onResponderRelease={[Function]}
    onResponderTerminate={[Function]}
    onResponderTerminationRequest={[Function]}
    onStartShouldSetResponder={[Function]}
    style={
      Object {
        "borderColor": "lightgray",
        "borderWidth": 1,
        "flex": 1,
        "height": 160,
        "margin": 5,
        "opacity": 1,
        "position": "relative",
      }
    }
  >
    <Image
      source={
        Object {
          "uri": "https://media3.s-nbcnews.com/j/newscms/2020_28/3396074/200710-pre-school-montery-park-california-ew-1234p_7d7b8f2ac717f42f1f4620b9ef96ecde.nbcnews-fp-1200-630.jpg",
        }
      }
      style={
        Object {
          "height": "100%",
          "resizeMode": "cover",
          "width": "100%",
        }
      }
    />
    <View
      style={
        Object {
          "alignItems": "center",
          "backgroundColor": "rgba(0,0,0,0.75)",
          "bottom": 0,
          "left": 0,
          "paddingHorizontal": 10,
          "paddingVertical": 13,
          "position": "absolute",
          "right": 0,
        }
      }
    >
      <Text
        numberOfLines={2}
        style={
          Object {
            "color": "white",
          }
        }
      >
        Back to school: What doctors say about children and COVID-19 - NBC News
      </Text>
      <Text
        style={
          Object {
            "color": "white",
            "fontSize": 12,
            "marginTop": 10,
          }
        }
      >
        07/12/2020
      </Text>
    </View>
  </View>,
  <View
    accessible={true}
    focusable={true}
    onClick={[Function]}
    onResponderGrant={[Function]}
    onResponderMove={[Function]}
    onResponderRelease={[Function]}
    onResponderTerminate={[Function]}
    onResponderTerminationRequest={[Function]}
    onStartShouldSetResponder={[Function]}
    style={
      Object {
        "borderColor": "lightgray",
        "borderWidth": 1,
        "flex": 1,
        "height": 160,
        "margin": 5,
        "opacity": 1,
        "position": "relative",
      }
    }
  >
    <Image
      source={
        Object {
          "uri": "https://www.mercurynews.com/wp-content/uploads/2016/08/20140429_125855_Naya_Rivera_04292014.jpg?w=600&h=393",
        }
      }
      style={
        Object {
          "height": "100%",
          "resizeMode": "cover",
          "width": "100%",
        }
      }
    />
    <View
      style={
        Object {
          "alignItems": "center",
          "backgroundColor": "rgba(0,0,0,0.75)",
          "bottom": 0,
          "left": 0,
          "paddingHorizontal": 10,
          "paddingVertical": 13,
          "position": "absolute",
          "right": 0,
        }
      }
    >
      <Text
        numberOfLines={2}
        style={
          Object {
            "color": "white",
          }
        }
      >
        Despondent Naya Rivera fans apparently drive Lea Michele off Twitter - The Mercury News
      </Text>
      <Text
        style={
          Object {
            "color": "white",
            "fontSize": 12,
            "marginTop": 10,
          }
        }
      >
        07/12/2020
      </Text>
    </View>
  </View>,
  <View
    accessible={true}
    focusable={true}
    onClick={[Function]}
    onResponderGrant={[Function]}
    onResponderMove={[Function]}
    onResponderRelease={[Function]}
    onResponderTerminate={[Function]}
    onResponderTerminationRequest={[Function]}
    onStartShouldSetResponder={[Function]}
    style={
      Object {
        "borderColor": "lightgray",
        "borderWidth": 1,
        "flex": 1,
        "height": 160,
        "margin": 5,
        "opacity": 1,
        "position": "relative",
      }
    }
  >
    <Image
      source={
        Object {
          "uri": "https://icdn4.digitaltrends.com/image/digitaltrends/free-watch-dogs-2-in-ubisoft-forward-1200x630-c-ar1.91.jpg",
        }
      }
      style={
        Object {
          "height": "100%",
          "resizeMode": "cover",
          "width": "100%",
        }
      }
    />
    <View
      style={
        Object {
          "alignItems": "center",
          "backgroundColor": "rgba(0,0,0,0.75)",
          "bottom": 0,
          "left": 0,
          "paddingHorizontal": 10,
          "paddingVertical": 13,
          "position": "absolute",
          "right": 0,
        }
      }
    >
      <Text
        numberOfLines={2}
        style={
          Object {
            "color": "white",
          }
        }
      >
        Uplay login error plagues Ubisoft Forward in attempts to get free Watch Dogs 2 - Digital Trends
      </Text>
      <Text
        style={
          Object {
            "color": "white",
            "fontSize": 12,
            "marginTop": 10,
          }
        }
      >
        07/12/2020
      </Text>
    </View>
  </View>,
  <View
    accessible={true}
    focusable={true}
    onClick={[Function]}
    onResponderGrant={[Function]}
    onResponderMove={[Function]}
    onResponderRelease={[Function]}
    onResponderTerminate={[Function]}
    onResponderTerminationRequest={[Function]}
    onStartShouldSetResponder={[Function]}
    style={
      Object {
        "borderColor": "lightgray",
        "borderWidth": 1,
        "flex": 1,
        "height": 160,
        "margin": 5,
        "opacity": 1,
        "position": "relative",
      }
    }
  >
    <Image
      source={
        Object {
          "uri": "https://cdn.vox-cdn.com/thumbor/990Z_x9-u_sxiDmErKXn2GA_4bc=/0x0:3464x1814/fit-in/1200x630/cdn.vox-cdn.com/uploads/chorus_asset/file/20079951/GettyImages_1221110316.jpg",
        }
      }
      style={
        Object {
          "height": "100%",
          "resizeMode": "cover",
          "width": "100%",
        }
      }
    />
    <View
      style={
        Object {
          "alignItems": "center",
          "backgroundColor": "rgba(0,0,0,0.75)",
          "bottom": 0,
          "left": 0,
          "paddingHorizontal": 10,
          "paddingVertical": 13,
          "position": "absolute",
          "right": 0,
        }
      }
    >
      <Text
        numberOfLines={2}
        style={
          Object {
            "color": "white",
          }
        }
      >
        Robert Mueller: Roger Stone “remains a convicted felon, and rightly so.” - Vox.com
      </Text>
      <Text
        style={
          Object {
            "color": "white",
            "fontSize": 12,
            "marginTop": 10,
          }
        }
      >
        07/12/2020
      </Text>
    </View>
  </View>,
  <View
    accessible={true}
    focusable={true}
    onClick={[Function]}
    onResponderGrant={[Function]}
    onResponderMove={[Function]}
    onResponderRelease={[Function]}
    onResponderTerminate={[Function]}
    onResponderTerminationRequest={[Function]}
    onStartShouldSetResponder={[Function]}
    style={
      Object {
        "borderColor": "lightgray",
        "borderWidth": 1,
        "flex": 1,
        "height": 160,
        "margin": 5,
        "opacity": 1,
        "position": "relative",
      }
    }
  >
    <Image
      source={
        Object {
          "uri": "https://assets3.thrillist.com/v1/image/2879105/1200x600/scale;",
        }
      }
      style={
        Object {
          "height": "100%",
          "resizeMode": "cover",
          "width": "100%",
        }
      }
    />
    <View
      style={
        Object {
          "alignItems": "center",
          "backgroundColor": "rgba(0,0,0,0.75)",
          "bottom": 0,
          "left": 0,
          "paddingHorizontal": 10,
          "paddingVertical": 13,
          "position": "absolute",
          "right": 0,
        }
      }
    >
      <Text
        numberOfLines={2}
        style={
          Object {
            "color": "white",
          }
        }
      >
        McDonald's Is Giving Out Totally Free Fries on Monday for National French Fries Day - Thrillist
      </Text>
      <Text
        style={
          Object {
            "color": "white",
            "fontSize": 12,
            "marginTop": 10,
          }
        }
      >
        07/12/2020
      </Text>
    </View>
  </View>,
  <View
    accessible={true}
    focusable={true}
    onClick={[Function]}
    onResponderGrant={[Function]}
    onResponderMove={[Function]}
    onResponderRelease={[Function]}
    onResponderTerminate={[Function]}
    onResponderTerminationRequest={[Function]}
    onStartShouldSetResponder={[Function]}
    style={
      Object {
        "borderColor": "lightgray",
        "borderWidth": 1,
        "flex": 1,
        "height": 160,
        "margin": 5,
        "opacity": 1,
        "position": "relative",
      }
    }
  >
    <Image
      source={
        Object {
          "uri": "https://cdn.vox-cdn.com/thumbor/mR5h1c3pMB64oQSQXfD_cm1K21Q=/0x177:3671x2242/1600x900/cdn.vox-cdn.com/uploads/chorus_image/image/67048207/usa_today_14504940.0.jpg",
        }
      }
      style={
        Object {
          "height": "100%",
          "resizeMode": "cover",
          "width": "100%",
        }
      }
    />
    <View
      style={
        Object {
          "alignItems": "center",
          "backgroundColor": "rgba(0,0,0,0.75)",
          "bottom": 0,
          "left": 0,
          "paddingHorizontal": 10,
          "paddingVertical": 13,
          "position": "absolute",
          "right": 0,
        }
      }
    >
      <Text
        numberOfLines={2}
        style={
          Object {
            "color": "white",
          }
        }
      >
        UFC 251 results: Matches to make for ‘Usman vs Masvidal’ main card winners - MMA Mania
      </Text>
      <Text
        style={
          Object {
            "color": "white",
            "fontSize": 12,
            "marginTop": 10,
          }
        }
      >
        07/12/2020
      </Text>
    </View>
  </View>,
  <View
    accessible={true}
    focusable={true}
    onClick={[Function]}
    onResponderGrant={[Function]}
    onResponderMove={[Function]}
    onResponderRelease={[Function]}
    onResponderTerminate={[Function]}
    onResponderTerminationRequest={[Function]}
    onStartShouldSetResponder={[Function]}
    style={
      Object {
        "borderColor": "lightgray",
        "borderWidth": 1,
        "flex": 1,
        "height": 160,
        "margin": 5,
        "opacity": 1,
        "position": "relative",
      }
    }
  >
    <Image
      source={
        Object {
          "uri": "https://imagez.tmz.com/image/78/16by9/2020/07/12/7870672898ae42cfa804560726341500_xl.jpg",
        }
      }
      style={
        Object {
          "height": "100%",
          "resizeMode": "cover",
          "width": "100%",
        }
      }
    />
    <View
      style={
        Object {
          "alignItems": "center",
          "backgroundColor": "rgba(0,0,0,0.75)",
          "bottom": 0,
          "left": 0,
          "paddingHorizontal": 10,
          "paddingVertical": 13,
          "position": "absolute",
          "right": 0,
        }
      }
    >
      <Text
        numberOfLines={2}
        style={
          Object {
            "color": "white",
          }
        }
      >
        Lisa Marie Presley's Son Benjamin Keough Dead at 27 from Apparent Suicide - TMZ
      </Text>
      <Text
        style={
          Object {
            "color": "white",
            "fontSize": 12,
            "marginTop": 10,
          }
        }
      >
        07/12/2020
      </Text>
    </View>
  </View>,
  <View
    accessible={true}
    focusable={true}
    onClick={[Function]}
    onResponderGrant={[Function]}
    onResponderMove={[Function]}
    onResponderRelease={[Function]}
    onResponderTerminate={[Function]}
    onResponderTerminationRequest={[Function]}
    onStartShouldSetResponder={[Function]}
    style={
      Object {
        "borderColor": "lightgray",
        "borderWidth": 1,
        "flex": 1,
        "height": 160,
        "margin": 5,
        "opacity": 1,
        "position": "relative",
      }
    }
  >
    <Image
      source={
        Object {
          "uri": "https://ichef.bbci.co.uk/news/1024/branded_news/11930/production/_113348917_gettyimages-1226594655.jpg",
        }
      }
      style={
        Object {
          "height": "100%",
          "resizeMode": "cover",
          "width": "100%",
        }
      }
    />
    <View
      style={
        Object {
          "alignItems": "center",
          "backgroundColor": "rgba(0,0,0,0.75)",
          "bottom": 0,
          "left": 0,
          "paddingHorizontal": 10,
          "paddingVertical": 13,
          "position": "absolute",
          "right": 0,
        }
      }
    >
      <Text
        numberOfLines={2}
        style={
          Object {
            "color": "white",
          }
        }
      >
        Poland's Duda holds slim lead in presidential election, exit poll suggests - BBC News
      </Text>
      <Text
        style={
          Object {
            "color": "white",
            "fontSize": 12,
            "marginTop": 10,
          }
        }
      >
        07/12/2020
      </Text>
    </View>
  </View>,
  <View
    accessible={true}
    focusable={true}
    onClick={[Function]}
    onResponderGrant={[Function]}
    onResponderMove={[Function]}
    onResponderRelease={[Function]}
    onResponderTerminate={[Function]}
    onResponderTerminationRequest={[Function]}
    onStartShouldSetResponder={[Function]}
    style={
      Object {
        "borderColor": "lightgray",
        "borderWidth": 1,
        "flex": 1,
        "height": 160,
        "margin": 5,
        "opacity": 1,
        "position": "relative",
      }
    }
  >
    <Image
      source={
        Object {
          "uri": "https://s3.reutersmedia.net/resources/r/?m=02&d=20200713&t=2&i=1525482527&w=1200&r=LYNXNPEG6B0H6",
        }
      }
      style={
        Object {
          "height": "100%",
          "resizeMode": "cover",
          "width": "100%",
        }
      }
    />
    <View
      style={
        Object {
          "alignItems": "center",
          "backgroundColor": "rgba(0,0,0,0.75)",
          "bottom": 0,
          "left": 0,
          "paddingHorizontal": 10,
          "paddingVertical": 13,
          "position": "absolute",
          "right": 0,
        }
      }
    >
      <Text
        numberOfLines={2}
        style={
          Object {
            "color": "white",
          }
        }
      >
        'Let's get going': UK tells businesses to prepare for Brexit crunch - Reuters
      </Text>
      <Text
        style={
          Object {
            "color": "white",
            "fontSize": 12,
            "marginTop": 10,
          }
        }
      >
        07/12/2020
      </Text>
    </View>
  </View>,
]
`;
